W1:
	ABE 10
	DAL 562
	MGM 41
	PHX 2340
	YUM 52
W2:
	ABE 32
	DAL 872
	MGM 68
	PHX 2966
	YUM 58
